============================= test session starts =============================
platform win32 -- Python 3.10.11, pytest-9.0.2, pluggy-1.6.0
rootdir: D:\Projects\textifier\textifier
plugins: anyio-4.9.0, hydra-core-1.3.2
collected 10 items

tests\test_core.py ....F                                                 [ 50%]
tests\test_ui_logic.py .....                                             [100%]

================================== FAILURES ===================================
____________________ test_transcribe_with_advanced_params _____________________

mock_whisper_class = <MagicMock name='WhisperModel' id='1925166751776'>
core_instance = <textifier_core.TextifierCore object at 0x000001C03D3B4A90>
tmp_path = WindowsPath('C:/Users/SirGe/AppData/Local/Temp/pytest-of-SirGe/pytest-1/test_transcribe_with_advanced_0')

    @patch("faster_whisper.WhisperModel")
    def test_transcribe_with_advanced_params(mock_whisper_class, core_instance, tmp_path):
        import json
        # Mock segments with words
        mock_word = MagicMock()
        mock_word.start = 0.0
        mock_word.end = 0.5
        mock_word.word = "Hello"
        mock_word.probability = 0.99
    
        mock_segment = MagicMock()
        mock_segment.start = 0.0
        mock_segment.end = 1.0
        mock_segment.text = "Hello world"
        mock_segment.words = [mock_word]
    
        mock_info = MagicMock()
        mock_info.language = "en"
        mock_info.language_probability = 1.0
    
        # Configure mock
        mock_instance = mock_whisper_class.return_value
        mock_instance.transcribe.return_value = ([mock_segment], mock_info)
    
        input_file = tmp_path / "test.mp3"
        input_file.touch()
    
        # Run transcription with word timestamps
        output_dir = tmp_path / "out"
        output_dir.mkdir()
    
>       results = core_instance.transcribe_media(
            str(input_file),
            output_dir=str(output_dir),
            word_timestamps=True,
            repetition_penalty=1.2,
            vad_filter=True
        )

tests\test_core.py:104: 
_ _ _ _ _ _ _ _ _ _ _ _ _ _ _ _ _ _ _ _ _ _ _ _ _ _ _ _ _ _ _ _ _ _ _ _ _ _ _ _
textifier_core.py:681: in transcribe_media
    result = self.transcriber.transcribe(str(input_path), **kwargs)
_ _ _ _ _ _ _ _ _ _ _ _ _ _ _ _ _ _ _ _ _ _ _ _ _ _ _ _ _ _ _ _ _ _ _ _ _ _ _ _

self = <textifier_core.Transcriber object at 0x000001C03D3B48B0>
input_path = 'C:\\Users\\SirGe\\AppData\\Local\\Temp\\pytest-of-SirGe\\pytest-1\\test_transcribe_with_advanced_0\\test.mp3'
kwargs = {'initial_prompt': 'Hello, welcome to my lecture. I will use proper punctuation, capitalization, and grammar.', 'repetition_penalty': 1.2, 'vad_filter': True, 'word_timestamps': True}
audio = 'C:\\Users\\SirGe\\AppData\\Local\\Temp\\pytest-of-SirGe\\pytest-1\\test_transcribe_with_advanced_0\\test.mp3'

    def transcribe(self, input_path, **kwargs):
        self.stop_requested = False
        audio = self.load_audio(input_path)
    
>       segments, info = self.whisper_model.transcribe(audio, vad_filter=True, **kwargs)
E       TypeError: <MagicMock name='WhisperModel().transcribe' id='1925379115520'> got multiple values for keyword argument 'vad_filter'

textifier_core.py:241: TypeError
----------------------------- Captured log setup ------------------------------
INFO     root:textifier_core.py:626 Initializing TextifierCore
---------------------------- Captured stderr call -----------------------------
\rFetching 6 files:   0%|          | 0/6 [00:00<?, ?it/s]Xet Storage is enabled for this repo, but the 'hf_xet' package is not installed. Falling back to regular HTTP download. For better performance, install the package with: `pip install huggingface_hub[hf_xet]` or `pip install hf_xet`\n\rFetching 6 files:  17%|\u2588\u258b        | 1/6 [00:00<00:00,  5.48it/s]\rFetching 6 files:  67%|\u2588\u2588\u2588\u2588\u2588\u2588\u258b   | 4/6 [00:07<00:03,  1.99s/it]\rFetching 6 files: 100%|\u2588\u2588\u2588\u2588\u2588\u2588\u2588\u2588\u2588\u2588| 6/6 [00:07<00:00,  1.24s/it]
------------------------------ Captured log call ------------------------------
INFO     root:textifier_core.py:67 Downloading model 'tiny' from Systran/faster-whisper-tiny...
WARNING  huggingface_hub.file_download:file_download.py:1732 Xet Storage is enabled for this repo, but the 'hf_xet' package is not installed. Falling back to regular HTTP download. For better performance, install the package with: `pip install huggingface_hub[hf_xet]` or `pip install hf_xet`
INFO     root:textifier_core.py:67 Model 'tiny' downloaded successfully.
============================== warnings summary ===============================
tests/test_core.py::test_transcribe_with_advanced_params
  C:\Users\SirGe\AppData\Local\Programs\Python\Python310\lib\site-packages\huggingface_hub\file_download.py:982: UserWarning: `local_dir_use_symlinks` parameter is deprecated and will be ignored. The process to download files to a local folder has been updated and do not rely on symlinks anymore. You only need to pass a destination folder as`local_dir`.
  For more details, check out https://huggingface.co/docs/huggingface_hub/main/en/guides/download#download-files-to-local-folder.
    warnings.warn(

-- Docs: https://docs.pytest.org/en/stable/how-to/capture-warnings.html
=========================== short test summary info ===========================
FAILED tests/test_core.py::test_transcribe_with_advanced_params - TypeError: ...
=================== 1 failed, 9 passed, 1 warning in 14.30s ===================
